---
source: inspector/src/queries.rs
expression: "Formats::Table.serialize(&entries)?"
---
╭───────┬────────────┬────────────────────────────────────────────┬───────────────┬────────────────────────────────────────────┬──────────────┬────────────╮
│ INDEX ┆ metadata   ┆ node                                       ┆ registered_at ┆ safe                                       ┆ service_type ┆ updated_at │
╞═══════╪════════════╪════════════════════════════════════════════╪═══════════════╪════════════════════════════════════════════╪══════════════╪════════════╡
│ 0     ┆ 0xdeadbeef ┆ 0x1111111111111111111111111111111111111111 ┆ 1700000000    ┆ 0x3333333333333333333333333333333333333333 ┆ gvpn:exit    ┆ 1700000100 │
├╌╌╌╌╌╌╌┼╌╌╌╌╌╌╌╌╌╌╌╌┼╌╌╌╌╌╌╌╌╌╌╌╌╌╌╌╌╌╌╌╌╌╌╌╌╌╌╌╌╌╌╌╌╌╌╌╌╌╌╌╌╌╌╌╌┼╌╌╌╌╌╌╌╌╌╌╌╌╌╌╌┼╌╌╌╌╌╌╌╌╌╌╌╌╌╌╌╌╌╌╌╌╌╌╌╌╌╌╌╌╌╌╌╌╌╌╌╌╌╌╌╌╌╌╌╌┼╌╌╌╌╌╌╌╌╌╌╌╌╌╌┼╌╌╌╌╌╌╌╌╌╌╌╌┤
│ 1     ┆ 0x         ┆ 0x2222222222222222222222222222222222222222 ┆ 1700000200    ┆ 0x3333333333333333333333333333333333333333 ┆ gvpn:relay   ┆ 1700000200 │
╰───────┴────────────┴────────────────────────────────────────────┴───────────────┴────────────────────────────────────────────┴──────────────┴────────────╯
