---
source: inspector/src/table.rs
expression: "render(&json!({\n    \"hash\":\n    \"0123456789abcdef0123456789abcdef0123456789abcdef0123456789abcdef\",\n}))"
---
╭───────┬──────────────────────────────────────────────────────────────────╮
│ FIELD ┆ VALUE                                                            │
╞═══════╪══════════════════════════════════════════════════════════════════╡
│ hash  ┆ 0123456789abcdef0123456789abcdef0123456789abcdef0123456789abcdef │
╰───────┴──────────────────────────────────────────────────────────────────╯
