---
source: inspector/src/queries.rs
expression: "Formats::Table.serialize(&types)?"
---
╭───────┬────────────────────────────────────────────┬───────────────────┬────────────────────────────────────────────┬──────────────┬─────────────╮
│ INDEX ┆ owner                                      ┆ registration_burn ┆ requirement                                ┆ service_type ┆ update_burn │
╞═══════╪════════════════════════════════════════════╪═══════════════════╪════════════════════════════════════════════╪══════════════╪═════════════╡
│ 0     ┆ 0x4444444444444444444444444444444444444444 ┆ 1 wxHOPR          ┆ -                                          ┆ gvpn:exit    ┆ 0 wxHOPR    │
├╌╌╌╌╌╌╌┼╌╌╌╌╌╌╌╌╌╌╌╌╌╌╌╌╌╌╌╌╌╌╌╌╌╌╌╌╌╌╌╌╌╌╌╌╌╌╌╌╌╌╌╌┼╌╌╌╌╌╌╌╌╌╌╌╌╌╌╌╌╌╌╌┼╌╌╌╌╌╌╌╌╌╌╌╌╌╌╌╌╌╌╌╌╌╌╌╌╌╌╌╌╌╌╌╌╌╌╌╌╌╌╌╌╌╌╌╌┼╌╌╌╌╌╌╌╌╌╌╌╌╌╌┼╌╌╌╌╌╌╌╌╌╌╌╌╌┤
│ 1     ┆ -                                          ┆ 0 wxHOPR          ┆ 0x5555555555555555555555555555555555555555 ┆ gvpn:relay   ┆ 0 wxHOPR    │
╰───────┴────────────────────────────────────────────┴───────────────────┴────────────────────────────────────────────┴──────────────┴─────────────╯
