---
source: inspector/src/table.rs
expression: "render(&json!([{\"keyid\": 1, \"packet_key\": \"first\"},\n{\"keyid\": 2, \"packet_key\": \"second\", \"safe_address\": \"0x1234\"},]))"
---
╭───────┬───────┬────────────┬──────────────╮
│ INDEX ┆ keyid ┆ packet_key ┆ safe_address │
╞═══════╪═══════╪════════════╪══════════════╡
│ 0     ┆ 1     ┆ first      ┆ -            │
├╌╌╌╌╌╌╌┼╌╌╌╌╌╌╌┼╌╌╌╌╌╌╌╌╌╌╌╌┼╌╌╌╌╌╌╌╌╌╌╌╌╌╌┤
│ 1     ┆ 2     ┆ second     ┆ 0x1234       │
╰───────┴───────┴────────────┴──────────────╯
